2026-01-17 16:13:16,736 - INFO - ================ TRAINING PHASE ================
2026-01-17 16:13:16,750 - WARNING - Skipping C-1.npy: Expected 25 features, got 55
2026-01-17 16:13:16,751 - WARNING - Skipping C-2.npy: Expected 25 features, got 55
2026-01-17 16:13:16,755 - WARNING - Skipping D-14.npy: Expected 25 features, got 55
2026-01-17 16:13:16,756 - WARNING - Skipping D-15.npy: Expected 25 features, got 55
2026-01-17 16:13:16,757 - WARNING - Skipping D-16.npy: Expected 25 features, got 55
2026-01-17 16:13:16,777 - WARNING - Skipping F-4.npy: Expected 25 features, got 55
2026-01-17 16:13:16,778 - WARNING - Skipping F-5.npy: Expected 25 features, got 55
2026-01-17 16:13:16,779 - WARNING - Skipping F-7.npy: Expected 25 features, got 55
2026-01-17 16:13:16,780 - WARNING - Skipping F-8.npy: Expected 25 features, got 55
2026-01-17 16:13:16,786 - WARNING - Skipping M-1.npy: Expected 25 features, got 55
2026-01-17 16:13:16,787 - WARNING - Skipping M-2.npy: Expected 25 features, got 55
2026-01-17 16:13:16,787 - WARNING - Skipping M-3.npy: Expected 25 features, got 55
2026-01-17 16:13:16,788 - WARNING - Skipping M-4.npy: Expected 25 features, got 55
2026-01-17 16:13:16,789 - WARNING - Skipping M-5.npy: Expected 25 features, got 55
2026-01-17 16:13:16,789 - WARNING - Skipping M-6.npy: Expected 25 features, got 55
2026-01-17 16:13:16,790 - WARNING - Skipping M-7.npy: Expected 25 features, got 55
2026-01-17 16:13:16,792 - WARNING - Skipping P-10.npy: Expected 25 features, got 55
2026-01-17 16:13:16,794 - WARNING - Skipping P-11.npy: Expected 25 features, got 55
2026-01-17 16:13:16,795 - WARNING - Skipping P-14.npy: Expected 25 features, got 55
2026-01-17 16:13:16,796 - WARNING - Skipping P-15.npy: Expected 25 features, got 55
2026-01-17 16:13:16,802 - WARNING - Skipping S-2.npy: Expected 25 features, got 55
2026-01-17 16:13:16,804 - WARNING - Skipping T-10.npy: Expected 25 features, got 55
2026-01-17 16:13:16,804 - WARNING - Skipping T-12.npy: Expected 25 features, got 55
2026-01-17 16:13:16,805 - WARNING - Skipping T-13.npy: Expected 25 features, got 55
2026-01-17 16:13:16,808 - WARNING - Skipping T-4.npy: Expected 25 features, got 55
2026-01-17 16:13:16,809 - WARNING - Skipping T-5.npy: Expected 25 features, got 55
2026-01-17 16:13:16,810 - WARNING - Skipping T-8.npy: Expected 25 features, got 55
2026-01-17 16:13:16,810 - WARNING - Skipping T-9.npy: Expected 25 features, got 55
2026-01-17 16:13:16,827 - INFO - Training data shape: (138004, 26)
2026-01-17 16:13:16,975 - INFO - Training feature count: 25
2026-01-17 16:13:17,721 - INFO - Isolation Forest trained on full training set
2026-01-17 16:13:18,803 - INFO - ================ TESTING PHASE ================
2026-01-17 16:13:18,805 - INFO - Processing test file: A-1.npy
2026-01-17 16:13:18,853 - INFO - Processing test file: A-2.npy
2026-01-17 16:13:18,914 - INFO - Processing test file: A-3.npy
2026-01-17 16:13:18,982 - INFO - Processing test file: A-4.npy
2026-01-17 16:13:19,046 - INFO - Processing test file: A-5.npy
2026-01-17 16:13:19,080 - INFO - Processing test file: A-6.npy
2026-01-17 16:13:19,110 - INFO - Processing test file: A-7.npy
2026-01-17 16:13:19,181 - INFO - Processing test file: A-8.npy
2026-01-17 16:13:19,232 - INFO - Processing test file: A-9.npy
2026-01-17 16:13:19,282 - INFO - Processing test file: B-1.npy
2026-01-17 16:13:19,344 - WARNING - Skipping C-1.npy (features=55)
2026-01-17 16:13:19,345 - WARNING - Skipping C-2.npy (features=55)
2026-01-17 16:13:19,346 - INFO - Processing test file: D-1.npy
2026-01-17 16:13:19,399 - INFO - Processing test file: D-11.npy
2026-01-17 16:13:19,443 - INFO - Processing test file: D-12.npy
2026-01-17 16:13:19,497 - INFO - Processing test file: D-13.npy
2026-01-17 16:13:19,548 - WARNING - Skipping D-14.npy (features=55)
2026-01-17 16:13:19,549 - WARNING - Skipping D-15.npy (features=55)
2026-01-17 16:13:19,549 - WARNING - Skipping D-16.npy (features=55)
2026-01-17 16:13:19,550 - INFO - Processing test file: D-2.npy
2026-01-17 16:13:19,607 - INFO - Processing test file: D-3.npy
2026-01-17 16:13:19,662 - INFO - Processing test file: D-4.npy
2026-01-17 16:13:19,718 - INFO - Processing test file: D-5.npy
2026-01-17 16:13:19,768 - INFO - Processing test file: D-6.npy
2026-01-17 16:13:19,822 - INFO - Processing test file: D-7.npy
2026-01-17 16:13:19,874 - INFO - Processing test file: D-8.npy
2026-01-17 16:13:19,931 - INFO - Processing test file: D-9.npy
2026-01-17 16:13:19,983 - INFO - Processing test file: E-1.npy
2026-01-17 16:13:20,040 - INFO - Processing test file: E-10.npy
2026-01-17 16:13:20,097 - INFO - Processing test file: E-11.npy
2026-01-17 16:13:20,156 - INFO - Processing test file: E-12.npy
2026-01-17 16:13:20,215 - INFO - Processing test file: E-13.npy
2026-01-17 16:13:20,281 - INFO - Processing test file: E-2.npy
2026-01-17 16:13:20,341 - INFO - Processing test file: E-3.npy
2026-01-17 16:13:20,394 - INFO - Processing test file: E-4.npy
2026-01-17 16:13:20,450 - INFO - Processing test file: E-5.npy
2026-01-17 16:13:20,508 - INFO - Processing test file: E-6.npy
2026-01-17 16:13:20,554 - INFO - Processing test file: E-7.npy
2026-01-17 16:13:20,612 - INFO - Processing test file: E-8.npy
2026-01-17 16:13:20,668 - INFO - Processing test file: E-9.npy
2026-01-17 16:13:20,726 - INFO - Processing test file: F-1.npy
2026-01-17 16:13:20,782 - INFO - Processing test file: F-2.npy
2026-01-17 16:13:20,832 - INFO - Processing test file: F-3.npy
2026-01-17 16:13:20,880 - WARNING - Skipping F-4.npy (features=55)
2026-01-17 16:13:20,881 - WARNING - Skipping F-5.npy (features=55)
2026-01-17 16:13:20,882 - WARNING - Skipping F-7.npy (features=55)
2026-01-17 16:13:20,883 - WARNING - Skipping F-8.npy (features=55)
2026-01-17 16:13:20,884 - INFO - Processing test file: G-1.npy
2026-01-17 16:13:20,946 - INFO - Processing test file: G-2.npy
2026-01-17 16:13:20,999 - INFO - Processing test file: G-3.npy
2026-01-17 16:13:21,043 - INFO - Processing test file: G-4.npy
2026-01-17 16:13:21,085 - INFO - Processing test file: G-6.npy
2026-01-17 16:13:21,131 - INFO - Processing test file: G-7.npy
2026-01-17 16:13:21,173 - WARNING - Skipping M-1.npy (features=55)
2026-01-17 16:13:21,174 - WARNING - Skipping M-2.npy (features=55)
2026-01-17 16:13:21,175 - WARNING - Skipping M-3.npy (features=55)
2026-01-17 16:13:21,175 - WARNING - Skipping M-4.npy (features=55)
2026-01-17 16:13:21,176 - WARNING - Skipping M-5.npy (features=55)
2026-01-17 16:13:21,176 - WARNING - Skipping M-6.npy (features=55)
2026-01-17 16:13:21,177 - WARNING - Skipping M-7.npy (features=55)
2026-01-17 16:13:21,177 - INFO - Processing test file: P-1.npy
2026-01-17 16:13:21,247 - WARNING - Skipping P-10.npy (features=55)
2026-01-17 16:13:21,248 - WARNING - Skipping P-11.npy (features=55)
2026-01-17 16:13:21,250 - WARNING - Skipping P-14.npy (features=55)
2026-01-17 16:13:21,251 - WARNING - Skipping P-15.npy (features=55)
2026-01-17 16:13:21,252 - INFO - Processing test file: P-2.npy
2026-01-17 16:13:21,312 - INFO - Processing test file: P-3.npy
2026-01-17 16:13:21,366 - INFO - Processing test file: P-4.npy
2026-01-17 16:13:21,420 - INFO - Processing test file: P-7.npy
2026-01-17 16:13:21,476 - INFO - Processing test file: R-1.npy
2026-01-17 16:13:21,515 - INFO - Processing test file: S-1.npy
2026-01-17 16:13:21,573 - WARNING - Skipping S-2.npy (features=55)
2026-01-17 16:13:21,575 - INFO - Processing test file: T-1.npy
2026-01-17 16:13:21,636 - WARNING - Skipping T-10.npy (features=55)
2026-01-17 16:13:21,637 - WARNING - Skipping T-12.npy (features=55)
2026-01-17 16:13:21,638 - WARNING - Skipping T-13.npy (features=55)
2026-01-17 16:13:21,639 - INFO - Processing test file: T-2.npy
2026-01-17 16:13:21,697 - INFO - Processing test file: T-3.npy
2026-01-17 16:13:21,745 - WARNING - Skipping T-4.npy (features=55)
2026-01-17 16:13:21,746 - WARNING - Skipping T-5.npy (features=55)
2026-01-17 16:13:21,746 - WARNING - Skipping T-8.npy (features=55)
2026-01-17 16:13:21,747 - WARNING - Skipping T-9.npy (features=55)
2026-01-17 16:13:21,751 - INFO - Final evaluation metrics saved to outputs\metrics\evaluation_metrics.csv
2026-01-17 16:13:21,751 - INFO - Train anomaly rate: 0.0100
2026-01-17 16:13:21,752 - INFO - Train health mean: 98.19
2026-01-17 16:13:21,752 - INFO - Test health mean across files: 97.77
2026-01-17 16:13:21,752 - INFO - Generating plots...
2026-01-17 16:13:22,915 - INFO - Analysis complete.
2026-01-17 16:15:42,143 - INFO - ================ TRAINING PHASE ================
2026-01-17 16:15:42,149 - WARNING - Skipping C-1.npy: Expected 25 features, got 55
2026-01-17 16:15:42,150 - WARNING - Skipping C-2.npy: Expected 25 features, got 55
2026-01-17 16:15:42,153 - WARNING - Skipping D-14.npy: Expected 25 features, got 55
2026-01-17 16:15:42,154 - WARNING - Skipping D-15.npy: Expected 25 features, got 55
2026-01-17 16:15:42,154 - WARNING - Skipping D-16.npy: Expected 25 features, got 55
2026-01-17 16:15:42,168 - WARNING - Skipping F-4.npy: Expected 25 features, got 55
2026-01-17 16:15:42,169 - WARNING - Skipping F-5.npy: Expected 25 features, got 55
2026-01-17 16:15:42,170 - WARNING - Skipping F-7.npy: Expected 25 features, got 55
2026-01-17 16:15:42,171 - WARNING - Skipping F-8.npy: Expected 25 features, got 55
2026-01-17 16:15:42,175 - WARNING - Skipping M-1.npy: Expected 25 features, got 55
2026-01-17 16:15:42,176 - WARNING - Skipping M-2.npy: Expected 25 features, got 55
2026-01-17 16:15:42,177 - WARNING - Skipping M-3.npy: Expected 25 features, got 55
2026-01-17 16:15:42,177 - WARNING - Skipping M-4.npy: Expected 25 features, got 55
2026-01-17 16:15:42,178 - WARNING - Skipping M-5.npy: Expected 25 features, got 55
2026-01-17 16:15:42,178 - WARNING - Skipping M-6.npy: Expected 25 features, got 55
2026-01-17 16:15:42,179 - WARNING - Skipping M-7.npy: Expected 25 features, got 55
2026-01-17 16:15:42,181 - WARNING - Skipping P-10.npy: Expected 25 features, got 55
2026-01-17 16:15:42,182 - WARNING - Skipping P-11.npy: Expected 25 features, got 55
2026-01-17 16:15:42,183 - WARNING - Skipping P-14.npy: Expected 25 features, got 55
2026-01-17 16:15:42,184 - WARNING - Skipping P-15.npy: Expected 25 features, got 55
2026-01-17 16:15:42,188 - WARNING - Skipping S-2.npy: Expected 25 features, got 55
2026-01-17 16:15:42,190 - WARNING - Skipping T-10.npy: Expected 25 features, got 55
2026-01-17 16:15:42,191 - WARNING - Skipping T-12.npy: Expected 25 features, got 55
2026-01-17 16:15:42,191 - WARNING - Skipping T-13.npy: Expected 25 features, got 55
2026-01-17 16:15:42,193 - WARNING - Skipping T-4.npy: Expected 25 features, got 55
2026-01-17 16:15:42,194 - WARNING - Skipping T-5.npy: Expected 25 features, got 55
2026-01-17 16:15:42,194 - WARNING - Skipping T-8.npy: Expected 25 features, got 55
2026-01-17 16:15:42,195 - WARNING - Skipping T-9.npy: Expected 25 features, got 55
2026-01-17 16:15:42,206 - INFO - Training data shape: (138004, 26)
2026-01-17 16:15:42,334 - INFO - Training feature count: 25
2026-01-17 16:15:42,985 - INFO - Isolation Forest trained on full training set
2026-01-17 16:15:44,031 - INFO - ================ TESTING PHASE ================
2026-01-17 16:15:44,032 - INFO - Processing test file: A-1.npy
2026-01-17 16:15:44,081 - INFO - Processing test file: A-2.npy
2026-01-17 16:15:44,143 - INFO - Processing test file: A-3.npy
2026-01-17 16:15:44,205 - INFO - Processing test file: A-4.npy
2026-01-17 16:15:44,270 - INFO - Processing test file: A-5.npy
2026-01-17 16:15:44,303 - INFO - Processing test file: A-6.npy
2026-01-17 16:15:44,332 - INFO - Processing test file: A-7.npy
2026-01-17 16:15:44,398 - INFO - Processing test file: A-8.npy
2026-01-17 16:15:44,448 - INFO - Processing test file: A-9.npy
2026-01-17 16:15:44,497 - INFO - Processing test file: B-1.npy
2026-01-17 16:15:44,550 - WARNING - Skipping C-1.npy (features=55)
2026-01-17 16:15:44,551 - WARNING - Skipping C-2.npy (features=55)
2026-01-17 16:15:44,552 - INFO - Processing test file: D-1.npy
2026-01-17 16:15:44,606 - INFO - Processing test file: D-11.npy
2026-01-17 16:15:44,651 - INFO - Processing test file: D-12.npy
2026-01-17 16:15:44,704 - INFO - Processing test file: D-13.npy
2026-01-17 16:15:44,757 - WARNING - Skipping D-14.npy (features=55)
2026-01-17 16:15:44,758 - WARNING - Skipping D-15.npy (features=55)
2026-01-17 16:15:44,758 - WARNING - Skipping D-16.npy (features=55)
2026-01-17 16:15:44,760 - INFO - Processing test file: D-2.npy
2026-01-17 16:15:44,818 - INFO - Processing test file: D-3.npy
2026-01-17 16:15:44,877 - INFO - Processing test file: D-4.npy
2026-01-17 16:15:44,933 - INFO - Processing test file: D-5.npy
2026-01-17 16:15:44,987 - INFO - Processing test file: D-6.npy
2026-01-17 16:15:45,049 - INFO - Processing test file: D-7.npy
2026-01-17 16:15:45,101 - INFO - Processing test file: D-8.npy
2026-01-17 16:15:45,159 - INFO - Processing test file: D-9.npy
2026-01-17 16:15:45,211 - INFO - Processing test file: E-1.npy
2026-01-17 16:15:45,268 - INFO - Processing test file: E-10.npy
2026-01-17 16:15:45,327 - INFO - Processing test file: E-11.npy
2026-01-17 16:15:45,387 - INFO - Processing test file: E-12.npy
2026-01-17 16:15:45,445 - INFO - Processing test file: E-13.npy
2026-01-17 16:15:45,513 - INFO - Processing test file: E-2.npy
2026-01-17 16:15:45,571 - INFO - Processing test file: E-3.npy
2026-01-17 16:15:45,622 - INFO - Processing test file: E-4.npy
2026-01-17 16:15:45,681 - INFO - Processing test file: E-5.npy
2026-01-17 16:15:45,739 - INFO - Processing test file: E-6.npy
2026-01-17 16:15:45,787 - INFO - Processing test file: E-7.npy
2026-01-17 16:15:45,848 - INFO - Processing test file: E-8.npy
2026-01-17 16:15:45,906 - INFO - Processing test file: E-9.npy
2026-01-17 16:15:45,962 - INFO - Processing test file: F-1.npy
2026-01-17 16:15:46,017 - INFO - Processing test file: F-2.npy
2026-01-17 16:15:46,071 - INFO - Processing test file: F-3.npy
2026-01-17 16:15:46,122 - WARNING - Skipping F-4.npy (features=55)
2026-01-17 16:15:46,123 - WARNING - Skipping F-5.npy (features=55)
2026-01-17 16:15:46,125 - WARNING - Skipping F-7.npy (features=55)
2026-01-17 16:15:46,126 - WARNING - Skipping F-8.npy (features=55)
2026-01-17 16:15:46,127 - INFO - Processing test file: G-1.npy
2026-01-17 16:15:46,189 - INFO - Processing test file: G-2.npy
2026-01-17 16:15:46,242 - INFO - Processing test file: G-3.npy
2026-01-17 16:15:46,287 - INFO - Processing test file: G-4.npy
2026-01-17 16:15:46,329 - INFO - Processing test file: G-6.npy
2026-01-17 16:15:46,376 - INFO - Processing test file: G-7.npy
2026-01-17 16:15:46,419 - WARNING - Skipping M-1.npy (features=55)
2026-01-17 16:15:46,420 - WARNING - Skipping M-2.npy (features=55)
2026-01-17 16:15:46,420 - WARNING - Skipping M-3.npy (features=55)
2026-01-17 16:15:46,421 - WARNING - Skipping M-4.npy (features=55)
2026-01-17 16:15:46,422 - WARNING - Skipping M-5.npy (features=55)
2026-01-17 16:15:46,422 - WARNING - Skipping M-6.npy (features=55)
2026-01-17 16:15:46,423 - WARNING - Skipping M-7.npy (features=55)
2026-01-17 16:15:46,424 - INFO - Processing test file: P-1.npy
2026-01-17 16:15:46,508 - WARNING - Skipping P-10.npy (features=55)
2026-01-17 16:15:46,509 - WARNING - Skipping P-11.npy (features=55)
2026-01-17 16:15:46,511 - WARNING - Skipping P-14.npy (features=55)
2026-01-17 16:15:46,512 - WARNING - Skipping P-15.npy (features=55)
2026-01-17 16:15:46,513 - INFO - Processing test file: P-2.npy
2026-01-17 16:15:46,569 - INFO - Processing test file: P-3.npy
2026-01-17 16:15:46,624 - INFO - Processing test file: P-4.npy
2026-01-17 16:15:46,679 - INFO - Processing test file: P-7.npy
2026-01-17 16:15:46,734 - INFO - Processing test file: R-1.npy
2026-01-17 16:15:46,773 - INFO - Processing test file: S-1.npy
2026-01-17 16:15:46,827 - WARNING - Skipping S-2.npy (features=55)
2026-01-17 16:15:46,828 - INFO - Processing test file: T-1.npy
2026-01-17 16:15:46,888 - WARNING - Skipping T-10.npy (features=55)
2026-01-17 16:15:46,889 - WARNING - Skipping T-12.npy (features=55)
2026-01-17 16:15:46,890 - WARNING - Skipping T-13.npy (features=55)
2026-01-17 16:15:46,891 - INFO - Processing test file: T-2.npy
2026-01-17 16:15:46,953 - INFO - Processing test file: T-3.npy
2026-01-17 16:15:46,998 - WARNING - Skipping T-4.npy (features=55)
2026-01-17 16:15:46,999 - WARNING - Skipping T-5.npy (features=55)
2026-01-17 16:15:47,000 - WARNING - Skipping T-8.npy (features=55)
2026-01-17 16:15:47,000 - WARNING - Skipping T-9.npy (features=55)
2026-01-17 16:15:47,005 - INFO - Final evaluation metrics saved to outputs\metrics\evaluation_metrics.csv
2026-01-17 16:15:47,005 - INFO - Train anomaly rate: 0.0100
2026-01-17 16:15:47,005 - INFO - Train health mean: 98.19
2026-01-17 16:15:47,005 - INFO - Test health mean across files: 97.77
2026-01-17 16:15:47,006 - INFO - Generating plots...
2026-01-17 16:15:48,154 - INFO - Analysis complete.
2026-01-17 16:29:14,537 - INFO - ================ TRAINING PHASE ================
2026-01-17 16:29:14,685 - INFO - Training model for 25 features (samples=138004)
2026-01-17 16:29:15,593 - INFO - Isolation Forest trained for 25 features.
2026-01-17 16:29:15,606 - INFO - Training model for 55 features (samples=58742)
2026-01-17 16:29:16,034 - INFO - Isolation Forest trained for 55 features.
2026-01-17 16:29:16,034 - INFO - ================ TESTING PHASE ================
2026-01-17 16:29:16,036 - INFO - Processing test file: A-1.npy (features=25)
2026-01-17 16:29:31,948 - INFO - ================ TRAINING PHASE ================
2026-01-17 16:29:32,056 - INFO - Training model for 25 features (samples=138004)
2026-01-17 16:29:32,086 - INFO - Refined training feature count for 25: 25
2026-01-17 16:29:32,850 - INFO - Isolation Forest trained for 25 features.
2026-01-17 16:29:32,859 - INFO - Training model for 55 features (samples=58742)
2026-01-17 16:29:32,896 - INFO - Refined training feature count for 55: 55
2026-01-17 16:29:33,260 - INFO - Isolation Forest trained for 55 features.
2026-01-17 16:29:33,261 - INFO - ================ TESTING PHASE ================
2026-01-17 16:29:33,262 - INFO - Processing test file: A-1.npy (features=25)
2026-01-17 16:29:33,311 - INFO - Processing test file: A-2.npy (features=25)
2026-01-17 16:29:33,372 - INFO - Processing test file: A-3.npy (features=25)
2026-01-17 16:29:33,437 - INFO - Processing test file: A-4.npy (features=25)
2026-01-17 16:29:33,501 - INFO - Processing test file: A-5.npy (features=25)
2026-01-17 16:29:33,534 - INFO - Processing test file: A-6.npy (features=25)
2026-01-17 16:29:33,565 - INFO - Processing test file: A-7.npy (features=25)
2026-01-17 16:29:33,629 - INFO - Processing test file: A-8.npy (features=25)
2026-01-17 16:29:33,682 - INFO - Processing test file: A-9.npy (features=25)
2026-01-17 16:29:33,729 - INFO - Processing test file: B-1.npy (features=25)
2026-01-17 16:29:33,780 - INFO - Processing test file: C-1.npy (features=55)
2026-01-17 16:29:33,805 - INFO - Processing test file: C-2.npy (features=55)
2026-01-17 16:29:33,828 - INFO - Processing test file: D-1.npy (features=25)
2026-01-17 16:29:33,886 - INFO - Processing test file: D-11.npy (features=25)
2026-01-17 16:29:33,931 - INFO - Processing test file: D-12.npy (features=25)
2026-01-17 16:29:33,982 - INFO - Processing test file: D-13.npy (features=25)
2026-01-17 16:29:34,034 - INFO - Processing test file: D-14.npy (features=55)
2026-01-17 16:29:34,063 - INFO - Processing test file: D-15.npy (features=55)
2026-01-17 16:29:34,086 - INFO - Processing test file: D-16.npy (features=55)
2026-01-17 16:29:34,111 - INFO - Processing test file: D-2.npy (features=25)
2026-01-17 16:29:34,167 - INFO - Processing test file: D-3.npy (features=25)
2026-01-17 16:29:34,223 - INFO - Processing test file: D-4.npy (features=25)
2026-01-17 16:29:34,277 - INFO - Processing test file: D-5.npy (features=25)
2026-01-17 16:29:34,334 - INFO - Processing test file: D-6.npy (features=25)
2026-01-17 16:29:34,388 - INFO - Processing test file: D-7.npy (features=25)
2026-01-17 16:29:34,440 - INFO - Processing test file: D-8.npy (features=25)
2026-01-17 16:29:34,500 - INFO - Processing test file: D-9.npy (features=25)
2026-01-17 16:29:34,555 - INFO - Processing test file: E-1.npy (features=25)
2026-01-17 16:29:34,614 - INFO - Processing test file: E-10.npy (features=25)
2026-01-17 16:29:34,674 - INFO - Processing test file: E-11.npy (features=25)
2026-01-17 16:29:34,732 - INFO - Processing test file: E-12.npy (features=25)
2026-01-17 16:29:34,795 - INFO - Processing test file: E-13.npy (features=25)
2026-01-17 16:29:34,863 - INFO - Processing test file: E-2.npy (features=25)
2026-01-17 16:29:34,921 - INFO - Processing test file: E-3.npy (features=25)
2026-01-17 16:29:34,972 - INFO - Processing test file: E-4.npy (features=25)
2026-01-17 16:29:35,029 - INFO - Processing test file: E-5.npy (features=25)
2026-01-17 16:29:35,090 - INFO - Processing test file: E-6.npy (features=25)
2026-01-17 16:29:35,138 - INFO - Processing test file: E-7.npy (features=25)
2026-01-17 16:29:35,198 - INFO - Processing test file: E-8.npy (features=25)
2026-01-17 16:29:35,256 - INFO - Processing test file: E-9.npy (features=25)
2026-01-17 16:29:35,310 - INFO - Processing test file: F-1.npy (features=25)
2026-01-17 16:29:35,365 - INFO - Processing test file: F-2.npy (features=25)
2026-01-17 16:29:35,419 - INFO - Processing test file: F-3.npy (features=25)
2026-01-17 16:29:35,468 - INFO - Processing test file: F-4.npy (features=55)
2026-01-17 16:29:35,503 - INFO - Processing test file: F-5.npy (features=55)
2026-01-17 16:29:35,540 - INFO - Processing test file: F-7.npy (features=55)
2026-01-17 16:29:35,586 - INFO - Processing test file: F-8.npy (features=55)
2026-01-17 16:29:35,615 - INFO - Processing test file: G-1.npy (features=25)
2026-01-17 16:29:35,677 - INFO - Processing test file: G-2.npy (features=25)
2026-01-17 16:29:35,733 - INFO - Processing test file: G-3.npy (features=25)
2026-01-17 16:29:35,777 - INFO - Processing test file: G-4.npy (features=25)
2026-01-17 16:29:35,830 - INFO - Processing test file: G-6.npy (features=25)
2026-01-17 16:29:35,880 - INFO - Processing test file: G-7.npy (features=25)
2026-01-17 16:29:35,922 - INFO - Processing test file: M-1.npy (features=55)
2026-01-17 16:29:35,947 - INFO - Processing test file: M-2.npy (features=55)
2026-01-17 16:29:35,971 - INFO - Processing test file: M-3.npy (features=55)
2026-01-17 16:29:35,994 - INFO - Processing test file: M-4.npy (features=55)
2026-01-17 16:29:36,017 - INFO - Processing test file: M-5.npy (features=55)
2026-01-17 16:29:36,042 - INFO - Processing test file: M-6.npy (features=55)
2026-01-17 16:29:36,064 - INFO - Processing test file: M-7.npy (features=55)
2026-01-17 16:29:36,088 - INFO - Processing test file: P-1.npy (features=25)
2026-01-17 16:29:36,159 - INFO - Processing test file: P-10.npy (features=55)
2026-01-17 16:29:36,209 - INFO - Processing test file: P-11.npy (features=55)
2026-01-17 16:29:36,244 - INFO - Processing test file: P-14.npy (features=55)
2026-01-17 16:29:36,296 - INFO - Processing test file: P-15.npy (features=55)
2026-01-17 16:29:36,325 - INFO - Processing test file: P-2.npy (features=25)
2026-01-17 16:29:36,385 - INFO - Processing test file: P-3.npy (features=25)
2026-01-17 16:29:36,439 - INFO - Processing test file: P-4.npy (features=25)
2026-01-17 16:29:36,494 - INFO - Processing test file: P-7.npy (features=25)
2026-01-17 16:29:36,551 - INFO - Processing test file: R-1.npy (features=25)
2026-01-17 16:29:36,591 - INFO - Processing test file: S-1.npy (features=25)
2026-01-17 16:29:36,644 - INFO - Processing test file: S-2.npy (features=55)
2026-01-17 16:29:36,667 - INFO - Processing test file: T-1.npy (features=25)
2026-01-17 16:29:36,723 - INFO - Processing test file: T-10.npy (features=55)
2026-01-17 16:29:36,735 - INFO - Processing test file: T-12.npy (features=55)
2026-01-17 16:29:36,761 - INFO - Processing test file: T-13.npy (features=55)
2026-01-17 16:29:36,786 - INFO - Processing test file: T-2.npy (features=25)
2026-01-17 16:29:36,846 - INFO - Processing test file: T-3.npy (features=25)
2026-01-17 16:29:36,893 - INFO - Processing test file: T-4.npy (features=55)
2026-01-17 16:29:36,919 - INFO - Processing test file: T-5.npy (features=55)
2026-01-17 16:29:36,943 - INFO - Processing test file: T-8.npy (features=55)
2026-01-17 16:29:36,962 - INFO - Processing test file: T-9.npy (features=55)
2026-01-17 16:29:36,986 - INFO - Final Mini Project 2 metrics saved to outputs\metrics\evaluation_metrics_v2.csv
2026-01-17 16:29:36,986 - INFO - Generating professional charts for Mini Project 2...
2026-01-17 16:29:38,047 - INFO - Mini Project 2 Analysis complete.
2026-01-17 16:31:12,546 - INFO - ================ TRAINING PHASE ================
2026-01-17 16:31:12,663 - INFO - Training model for 25 features (samples=138004)
2026-01-17 16:31:12,711 - INFO - Refined training feature count for 25: 25
2026-01-17 16:31:13,523 - INFO - Isolation Forest trained for 25 features.
2026-01-17 16:31:13,533 - INFO - Training model for 55 features (samples=58742)
2026-01-17 16:31:13,568 - INFO - Refined training feature count for 55: 55
2026-01-17 16:31:13,947 - INFO - Isolation Forest trained for 55 features.
2026-01-17 16:31:13,948 - INFO - ================ TESTING PHASE ================
2026-01-17 16:31:13,949 - INFO - Processing test file: A-1.npy (features=25)
2026-01-17 16:31:14,000 - INFO - Processing test file: A-2.npy (features=25)
2026-01-17 16:31:14,077 - INFO - Processing test file: A-3.npy (features=25)
2026-01-17 16:31:14,141 - INFO - Processing test file: A-4.npy (features=25)
2026-01-17 16:31:14,207 - INFO - Processing test file: A-5.npy (features=25)
2026-01-17 16:31:14,241 - INFO - Processing test file: A-6.npy (features=25)
2026-01-17 16:31:14,272 - INFO - Processing test file: A-7.npy (features=25)
2026-01-17 16:31:14,339 - INFO - Processing test file: A-8.npy (features=25)
2026-01-17 16:31:14,389 - INFO - Processing test file: A-9.npy (features=25)
2026-01-17 16:31:14,439 - INFO - Processing test file: B-1.npy (features=25)
2026-01-17 16:31:14,491 - INFO - Processing test file: C-1.npy (features=55)
2026-01-17 16:31:14,517 - INFO - Processing test file: C-2.npy (features=55)
2026-01-17 16:31:14,541 - INFO - Processing test file: D-1.npy (features=25)
2026-01-17 16:31:14,597 - INFO - Processing test file: D-11.npy (features=25)
2026-01-17 16:31:14,640 - INFO - Processing test file: D-12.npy (features=25)
2026-01-17 16:31:14,692 - INFO - Processing test file: D-13.npy (features=25)
2026-01-17 16:31:14,743 - INFO - Processing test file: D-14.npy (features=55)
2026-01-17 16:31:14,774 - INFO - Processing test file: D-15.npy (features=55)
2026-01-17 16:31:14,797 - INFO - Processing test file: D-16.npy (features=55)
2026-01-17 16:31:14,821 - INFO - Processing test file: D-2.npy (features=25)
2026-01-17 16:31:14,879 - INFO - Processing test file: D-3.npy (features=25)
2026-01-17 16:31:14,933 - INFO - Processing test file: D-4.npy (features=25)
2026-01-17 16:31:14,992 - INFO - Processing test file: D-5.npy (features=25)
2026-01-17 16:31:15,046 - INFO - Processing test file: D-6.npy (features=25)
2026-01-17 16:31:15,099 - INFO - Processing test file: D-7.npy (features=25)
2026-01-17 16:31:15,150 - INFO - Processing test file: D-8.npy (features=25)
2026-01-17 16:31:15,206 - INFO - Processing test file: D-9.npy (features=25)
2026-01-17 16:31:15,258 - INFO - Processing test file: E-1.npy (features=25)
2026-01-17 16:31:15,313 - INFO - Processing test file: E-10.npy (features=25)
2026-01-17 16:31:15,371 - INFO - Processing test file: E-11.npy (features=25)
2026-01-17 16:31:15,431 - INFO - Processing test file: E-12.npy (features=25)
2026-01-17 16:31:15,488 - INFO - Processing test file: E-13.npy (features=25)
2026-01-17 16:31:15,554 - INFO - Processing test file: E-2.npy (features=25)
2026-01-17 16:31:15,611 - INFO - Processing test file: E-3.npy (features=25)
2026-01-17 16:31:15,662 - INFO - Processing test file: E-4.npy (features=25)
2026-01-17 16:31:15,719 - INFO - Processing test file: E-5.npy (features=25)
2026-01-17 16:31:15,775 - INFO - Processing test file: E-6.npy (features=25)
2026-01-17 16:31:15,824 - INFO - Processing test file: E-7.npy (features=25)
2026-01-17 16:31:15,883 - INFO - Processing test file: E-8.npy (features=25)
2026-01-17 16:31:15,942 - INFO - Processing test file: E-9.npy (features=25)
2026-01-17 16:31:15,994 - INFO - Processing test file: F-1.npy (features=25)
2026-01-17 16:31:16,048 - INFO - Processing test file: F-2.npy (features=25)
2026-01-17 16:31:16,100 - INFO - Processing test file: F-3.npy (features=25)
2026-01-17 16:31:16,149 - INFO - Processing test file: F-4.npy (features=55)
2026-01-17 16:31:16,183 - INFO - Processing test file: F-5.npy (features=55)
2026-01-17 16:31:16,220 - INFO - Processing test file: F-7.npy (features=55)
2026-01-17 16:31:16,267 - INFO - Processing test file: F-8.npy (features=55)
2026-01-17 16:31:16,297 - INFO - Processing test file: G-1.npy (features=25)
2026-01-17 16:31:16,358 - INFO - Processing test file: G-2.npy (features=25)
2026-01-17 16:31:16,414 - INFO - Processing test file: G-3.npy (features=25)
2026-01-17 16:31:16,459 - INFO - Processing test file: G-4.npy (features=25)
2026-01-17 16:31:16,500 - INFO - Processing test file: G-6.npy (features=25)
2026-01-17 16:31:16,547 - INFO - Processing test file: G-7.npy (features=25)
2026-01-17 16:31:16,592 - INFO - Processing test file: M-1.npy (features=55)
2026-01-17 16:31:16,615 - INFO - Processing test file: M-2.npy (features=55)
2026-01-17 16:31:16,641 - INFO - Processing test file: M-3.npy (features=55)
2026-01-17 16:31:16,666 - INFO - Processing test file: M-4.npy (features=55)
2026-01-17 16:31:16,687 - INFO - Processing test file: M-5.npy (features=55)
2026-01-17 16:31:16,712 - INFO - Processing test file: M-6.npy (features=55)
2026-01-17 16:31:16,734 - INFO - Processing test file: M-7.npy (features=55)
2026-01-17 16:31:16,758 - INFO - Processing test file: P-1.npy (features=25)
2026-01-17 16:31:16,827 - INFO - Processing test file: P-10.npy (features=55)
2026-01-17 16:31:16,878 - INFO - Processing test file: P-11.npy (features=55)
2026-01-17 16:31:16,911 - INFO - Processing test file: P-14.npy (features=55)
2026-01-17 16:31:16,960 - INFO - Processing test file: P-15.npy (features=55)
2026-01-17 16:31:16,989 - INFO - Processing test file: P-2.npy (features=25)
2026-01-17 16:31:17,046 - INFO - Processing test file: P-3.npy (features=25)
2026-01-17 16:31:17,101 - INFO - Processing test file: P-4.npy (features=25)
2026-01-17 16:31:17,158 - INFO - Processing test file: P-7.npy (features=25)
2026-01-17 16:31:17,212 - INFO - Processing test file: R-1.npy (features=25)
2026-01-17 16:31:17,254 - INFO - Processing test file: S-1.npy (features=25)
2026-01-17 16:31:17,307 - INFO - Processing test file: S-2.npy (features=55)
2026-01-17 16:31:17,328 - INFO - Processing test file: T-1.npy (features=25)
2026-01-17 16:31:17,385 - INFO - Processing test file: T-10.npy (features=55)
2026-01-17 16:31:17,398 - INFO - Processing test file: T-12.npy (features=55)
2026-01-17 16:31:17,422 - INFO - Processing test file: T-13.npy (features=55)
2026-01-17 16:31:17,449 - INFO - Processing test file: T-2.npy (features=25)
2026-01-17 16:31:17,509 - INFO - Processing test file: T-3.npy (features=25)
2026-01-17 16:31:17,555 - INFO - Processing test file: T-4.npy (features=55)
2026-01-17 16:31:17,579 - INFO - Processing test file: T-5.npy (features=55)
2026-01-17 16:31:17,603 - INFO - Processing test file: T-8.npy (features=55)
2026-01-17 16:31:17,622 - INFO - Processing test file: T-9.npy (features=55)
2026-01-17 16:31:17,644 - INFO - Final Mini Project 2 metrics saved to outputs\metrics\evaluation_metrics_v2.csv
2026-01-17 16:31:17,645 - INFO - Generating professional charts for Mini Project 2...
2026-01-17 16:31:18,682 - INFO - Mini Project 2 Analysis complete.
2026-01-17 16:34:18,236 - INFO - ================ TRAINING PHASE ================
2026-01-17 16:34:18,349 - INFO - Training model for 25 features (samples=138004)
2026-01-17 16:34:18,385 - INFO - Refined training feature count for 25: 25
2026-01-17 16:34:19,187 - INFO - Isolation Forest trained for 25 features.
2026-01-17 16:34:19,196 - INFO - Training model for 55 features (samples=58742)
2026-01-17 16:34:19,233 - INFO - Refined training feature count for 55: 55
2026-01-17 16:34:19,631 - INFO - Isolation Forest trained for 55 features.
2026-01-17 16:34:19,632 - INFO - ================ TESTING PHASE ================
2026-01-17 16:34:19,633 - INFO - Processing test file: A-1.npy (features=25)
2026-01-17 16:34:19,687 - INFO - Processing test file: A-2.npy (features=25)
2026-01-17 16:34:19,753 - INFO - Processing test file: A-3.npy (features=25)
2026-01-17 16:34:19,843 - INFO - Processing test file: A-4.npy (features=25)
2026-01-17 16:34:19,924 - INFO - Processing test file: A-5.npy (features=25)
2026-01-17 16:34:19,968 - INFO - Processing test file: A-6.npy (features=25)
2026-01-17 16:34:19,999 - INFO - Processing test file: A-7.npy (features=25)
2026-01-17 16:34:20,063 - INFO - Processing test file: A-8.npy (features=25)
2026-01-17 16:34:20,115 - INFO - Processing test file: A-9.npy (features=25)
2026-01-17 16:34:20,165 - INFO - Processing test file: B-1.npy (features=25)
2026-01-17 16:34:20,217 - INFO - Processing test file: C-1.npy (features=55)
2026-01-17 16:34:20,244 - INFO - Processing test file: C-2.npy (features=55)
2026-01-17 16:34:20,267 - INFO - Processing test file: D-1.npy (features=25)
2026-01-17 16:34:20,320 - INFO - Processing test file: D-11.npy (features=25)
2026-01-17 16:34:20,370 - INFO - Processing test file: D-12.npy (features=25)
2026-01-17 16:34:20,424 - INFO - Processing test file: D-13.npy (features=25)
2026-01-17 16:34:20,473 - INFO - Processing test file: D-14.npy (features=55)
2026-01-17 16:34:20,501 - INFO - Processing test file: D-15.npy (features=55)
2026-01-17 16:34:20,524 - INFO - Processing test file: D-16.npy (features=55)
2026-01-17 16:34:20,548 - INFO - Processing test file: D-2.npy (features=25)
2026-01-17 16:34:20,603 - INFO - Processing test file: D-3.npy (features=25)
2026-01-17 16:34:20,660 - INFO - Processing test file: D-4.npy (features=25)
2026-01-17 16:34:20,716 - INFO - Processing test file: D-5.npy (features=25)
2026-01-17 16:34:20,767 - INFO - Processing test file: D-6.npy (features=25)
2026-01-17 16:34:20,822 - INFO - Processing test file: D-7.npy (features=25)
2026-01-17 16:34:20,877 - INFO - Processing test file: D-8.npy (features=25)
2026-01-17 16:34:20,938 - INFO - Processing test file: D-9.npy (features=25)
2026-01-17 16:34:20,990 - INFO - Processing test file: E-1.npy (features=25)
2026-01-17 16:34:21,047 - INFO - Processing test file: E-10.npy (features=25)
2026-01-17 16:34:21,107 - INFO - Processing test file: E-11.npy (features=25)
2026-01-17 16:34:21,165 - INFO - Processing test file: E-12.npy (features=25)
2026-01-17 16:34:21,224 - INFO - Processing test file: E-13.npy (features=25)
2026-01-17 16:34:21,289 - INFO - Processing test file: E-2.npy (features=25)
2026-01-17 16:34:21,346 - INFO - Processing test file: E-3.npy (features=25)
2026-01-17 16:34:21,397 - INFO - Processing test file: E-4.npy (features=25)
2026-01-17 16:34:21,454 - INFO - Processing test file: E-5.npy (features=25)
2026-01-17 16:34:21,518 - INFO - Processing test file: E-6.npy (features=25)
2026-01-17 16:34:21,564 - INFO - Processing test file: E-7.npy (features=25)
2026-01-17 16:34:21,625 - INFO - Processing test file: E-8.npy (features=25)
2026-01-17 16:34:21,681 - INFO - Processing test file: E-9.npy (features=25)
2026-01-17 16:34:21,734 - INFO - Processing test file: F-1.npy (features=25)
2026-01-17 16:34:21,789 - INFO - Processing test file: F-2.npy (features=25)
2026-01-17 16:34:21,859 - INFO - Processing test file: F-3.npy (features=25)
2026-01-17 16:34:21,911 - INFO - Processing test file: F-4.npy (features=55)
2026-01-17 16:34:21,947 - INFO - Processing test file: F-5.npy (features=55)
2026-01-17 16:34:21,984 - INFO - Processing test file: F-7.npy (features=55)
2026-01-17 16:34:22,031 - INFO - Processing test file: F-8.npy (features=55)
2026-01-17 16:34:22,059 - INFO - Processing test file: G-1.npy (features=25)
2026-01-17 16:34:22,120 - INFO - Processing test file: G-2.npy (features=25)
2026-01-17 16:34:22,174 - INFO - Processing test file: G-3.npy (features=25)
2026-01-17 16:34:22,220 - INFO - Processing test file: G-4.npy (features=25)
2026-01-17 16:34:22,261 - INFO - Processing test file: G-6.npy (features=25)
2026-01-17 16:34:22,309 - INFO - Processing test file: G-7.npy (features=25)
2026-01-17 16:34:22,352 - INFO - Processing test file: M-1.npy (features=55)
2026-01-17 16:34:22,378 - INFO - Processing test file: M-2.npy (features=55)
2026-01-17 16:34:22,403 - INFO - Processing test file: M-3.npy (features=55)
2026-01-17 16:34:22,426 - INFO - Processing test file: M-4.npy (features=55)
2026-01-17 16:34:22,447 - INFO - Processing test file: M-5.npy (features=55)
2026-01-17 16:34:22,472 - INFO - Processing test file: M-6.npy (features=55)
2026-01-17 16:34:22,494 - INFO - Processing test file: M-7.npy (features=55)
2026-01-17 16:34:22,517 - INFO - Processing test file: P-1.npy (features=25)
2026-01-17 16:34:22,588 - INFO - Processing test file: P-10.npy (features=55)
2026-01-17 16:34:22,664 - INFO - Processing test file: P-11.npy (features=55)
2026-01-17 16:34:22,712 - INFO - Processing test file: P-14.npy (features=55)
2026-01-17 16:34:22,761 - INFO - Processing test file: P-15.npy (features=55)
2026-01-17 16:34:22,790 - INFO - Processing test file: P-2.npy (features=25)
2026-01-17 16:34:22,850 - INFO - Processing test file: P-3.npy (features=25)
2026-01-17 16:34:22,909 - INFO - Processing test file: P-4.npy (features=25)
2026-01-17 16:34:22,969 - INFO - Processing test file: P-7.npy (features=25)
2026-01-17 16:34:23,022 - INFO - Processing test file: R-1.npy (features=25)
2026-01-17 16:34:23,064 - INFO - Processing test file: S-1.npy (features=25)
2026-01-17 16:34:23,116 - INFO - Processing test file: S-2.npy (features=55)
2026-01-17 16:34:23,138 - INFO - Processing test file: T-1.npy (features=25)
2026-01-17 16:34:23,195 - INFO - Processing test file: T-10.npy (features=55)
2026-01-17 16:34:23,208 - INFO - Processing test file: T-12.npy (features=55)
2026-01-17 16:34:23,239 - INFO - Processing test file: T-13.npy (features=55)
2026-01-17 16:34:23,270 - INFO - Processing test file: T-2.npy (features=25)
2026-01-17 16:34:23,328 - INFO - Processing test file: T-3.npy (features=25)
2026-01-17 16:34:23,374 - INFO - Processing test file: T-4.npy (features=55)
2026-01-17 16:34:23,404 - INFO - Processing test file: T-5.npy (features=55)
2026-01-17 16:34:23,428 - INFO - Processing test file: T-8.npy (features=55)
2026-01-17 16:34:23,446 - INFO - Processing test file: T-9.npy (features=55)
2026-01-17 16:34:23,466 - INFO - Final Mini Project 2 metrics saved to outputs\metrics\evaluation_metrics_v2.csv
2026-01-17 16:34:23,467 - INFO - Generating professional charts for Mini Project 2...
2026-01-17 16:34:24,842 - INFO - Mini Project 2 Analysis complete.
2026-02-24 19:23:57,501 - INFO - ================ TRAINING PHASE ================
2026-02-24 19:26:33,504 - INFO - ================ TRAINING PHASE ================
2026-02-24 19:26:35,248 - INFO - Training model for 25 features (samples=138004)
2026-02-24 19:26:35,319 - INFO - Refined training feature count for 25: 25
2026-02-24 19:26:37,206 - INFO - Isolation Forest trained for 25 features.
2026-02-24 19:26:37,238 - INFO - Training model for 55 features (samples=58742)
2026-02-24 19:26:37,322 - INFO - Refined training feature count for 55: 55
2026-02-24 19:26:38,231 - INFO - Isolation Forest trained for 55 features.
2026-02-24 19:26:38,232 - INFO - ================ TESTING PHASE ================
2026-02-24 19:26:38,259 - INFO - Processing test file: A-1.npy (features=25)
2026-02-24 19:26:38,412 - INFO - Processing test file: A-2.npy (features=25)
2026-02-24 19:26:38,542 - INFO - Processing test file: A-3.npy (features=25)
2026-02-24 19:26:38,675 - INFO - Processing test file: A-4.npy (features=25)
2026-02-24 19:26:38,815 - INFO - Processing test file: A-5.npy (features=25)
2026-02-24 19:26:38,918 - INFO - Processing test file: A-6.npy (features=25)
2026-02-24 19:26:39,005 - INFO - Processing test file: A-7.npy (features=25)
2026-02-24 19:26:39,160 - INFO - Processing test file: A-8.npy (features=25)
2026-02-24 19:26:39,302 - INFO - Processing test file: A-9.npy (features=25)
2026-02-24 19:26:39,415 - INFO - Processing test file: B-1.npy (features=25)
2026-02-24 19:26:39,525 - INFO - Processing test file: C-1.npy (features=55)
2026-02-24 19:26:39,597 - INFO - Processing test file: C-2.npy (features=55)
2026-02-24 19:26:39,671 - INFO - Processing test file: D-1.npy (features=25)
2026-02-24 19:26:39,821 - INFO - Processing test file: D-11.npy (features=25)
2026-02-24 19:26:39,944 - INFO - Processing test file: D-12.npy (features=25)
2026-02-24 19:26:40,052 - INFO - Processing test file: D-13.npy (features=25)
2026-02-24 19:26:40,160 - INFO - Processing test file: D-14.npy (features=55)
2026-02-24 19:26:40,248 - INFO - Processing test file: D-15.npy (features=55)
2026-02-24 19:26:40,319 - INFO - Processing test file: D-16.npy (features=55)
2026-02-24 19:26:40,381 - INFO - Processing test file: D-2.npy (features=25)
2026-02-24 19:26:40,487 - INFO - Processing test file: D-3.npy (features=25)
2026-02-24 19:26:40,647 - INFO - Processing test file: D-4.npy (features=25)
2026-02-24 19:26:40,793 - INFO - Processing test file: D-5.npy (features=25)
2026-02-24 19:26:40,906 - INFO - Processing test file: D-6.npy (features=25)
2026-02-24 19:26:41,027 - INFO - Processing test file: D-7.npy (features=25)
2026-02-24 19:26:41,156 - INFO - Processing test file: D-8.npy (features=25)
2026-02-24 19:26:41,276 - INFO - Processing test file: D-9.npy (features=25)
2026-02-24 19:26:41,384 - INFO - Processing test file: E-1.npy (features=25)
2026-02-24 19:26:41,515 - INFO - Processing test file: E-10.npy (features=25)
2026-02-24 19:26:41,656 - INFO - Processing test file: E-11.npy (features=25)
2026-02-24 19:26:41,804 - INFO - Processing test file: E-12.npy (features=25)
2026-02-24 19:26:41,926 - INFO - Processing test file: E-13.npy (features=25)
2026-02-24 19:26:42,048 - INFO - Processing test file: E-2.npy (features=25)
2026-02-24 19:26:42,186 - INFO - Processing test file: E-3.npy (features=25)
2026-02-24 19:26:42,316 - INFO - Processing test file: E-4.npy (features=25)
2026-02-24 19:26:42,444 - INFO - Processing test file: E-5.npy (features=25)
2026-02-24 19:26:42,569 - INFO - Processing test file: E-6.npy (features=25)
2026-02-24 19:26:42,693 - INFO - Processing test file: E-7.npy (features=25)
2026-02-24 19:26:42,844 - INFO - Processing test file: E-8.npy (features=25)
2026-02-24 19:26:42,980 - INFO - Processing test file: E-9.npy (features=25)
2026-02-24 19:26:43,114 - INFO - Processing test file: F-1.npy (features=25)
2026-02-24 19:26:43,249 - INFO - Processing test file: F-2.npy (features=25)
2026-02-24 19:26:43,385 - INFO - Processing test file: F-3.npy (features=25)
2026-02-24 19:26:43,489 - INFO - Processing test file: F-4.npy (features=55)
2026-02-24 19:26:43,572 - INFO - Processing test file: F-5.npy (features=55)
2026-02-24 19:26:43,663 - INFO - Processing test file: F-7.npy (features=55)
2026-02-24 19:26:43,783 - INFO - Processing test file: F-8.npy (features=55)
2026-02-24 19:26:43,873 - INFO - Processing test file: G-1.npy (features=25)
2026-02-24 19:26:44,039 - INFO - Processing test file: G-2.npy (features=25)
2026-02-24 19:26:44,163 - INFO - Processing test file: G-3.npy (features=25)
2026-02-24 19:26:44,283 - INFO - Processing test file: G-4.npy (features=25)
2026-02-24 19:26:44,408 - INFO - Processing test file: G-6.npy (features=25)
2026-02-24 19:26:44,530 - INFO - Processing test file: G-7.npy (features=25)
2026-02-24 19:26:44,636 - INFO - Processing test file: M-1.npy (features=55)
2026-02-24 19:26:44,698 - INFO - Processing test file: M-2.npy (features=55)
2026-02-24 19:26:44,764 - INFO - Processing test file: M-3.npy (features=55)
2026-02-24 19:26:44,829 - INFO - Processing test file: M-4.npy (features=55)
2026-02-24 19:26:44,893 - INFO - Processing test file: M-5.npy (features=55)
2026-02-24 19:26:44,959 - INFO - Processing test file: M-6.npy (features=55)
2026-02-24 19:26:45,027 - INFO - Processing test file: M-7.npy (features=55)
2026-02-24 19:26:45,108 - INFO - Processing test file: P-1.npy (features=25)
2026-02-24 19:26:45,274 - INFO - Processing test file: P-10.npy (features=55)
2026-02-24 19:26:45,393 - INFO - Processing test file: P-11.npy (features=55)
2026-02-24 19:26:45,489 - INFO - Processing test file: P-14.npy (features=55)
2026-02-24 19:26:45,629 - INFO - Processing test file: P-15.npy (features=55)
2026-02-24 19:26:45,699 - INFO - Processing test file: P-2.npy (features=25)
2026-02-24 19:26:45,831 - INFO - Processing test file: P-3.npy (features=25)
2026-02-24 19:26:45,977 - INFO - Processing test file: P-4.npy (features=25)
2026-02-24 19:26:46,094 - INFO - Processing test file: P-7.npy (features=25)
2026-02-24 19:26:46,234 - INFO - Processing test file: R-1.npy (features=25)
2026-02-24 19:26:46,351 - INFO - Processing test file: S-1.npy (features=25)
2026-02-24 19:26:46,475 - INFO - Processing test file: S-2.npy (features=55)
2026-02-24 19:26:46,542 - INFO - Processing test file: T-1.npy (features=25)
2026-02-24 19:26:46,667 - INFO - Processing test file: T-10.npy (features=55)
2026-02-24 19:26:46,717 - INFO - Processing test file: T-12.npy (features=55)
2026-02-24 19:26:46,794 - INFO - Processing test file: T-13.npy (features=55)
2026-02-24 19:26:46,867 - INFO - Processing test file: T-2.npy (features=25)
2026-02-24 19:26:46,992 - INFO - Processing test file: T-3.npy (features=25)
2026-02-24 19:26:47,107 - INFO - Processing test file: T-4.npy (features=55)
2026-02-24 19:26:47,169 - INFO - Processing test file: T-5.npy (features=55)
2026-02-24 19:26:47,238 - INFO - Processing test file: T-8.npy (features=55)
2026-02-24 19:26:47,332 - INFO - Processing test file: T-9.npy (features=55)
2026-02-24 19:26:47,388 - INFO - Final Mini Project 2 metrics saved to C:\Users\prodd\Desktop\Mini Project 2\outputs\metrics\evaluation_metrics_v2.csv
2026-02-24 19:26:47,388 - INFO - Generating professional charts for Mini Project 2...
2026-02-24 19:27:46,441 - INFO - ================ TRAINING PHASE ================
2026-02-24 19:27:46,687 - INFO - Training model for 25 features (samples=138004)
2026-02-24 19:27:46,754 - INFO - Refined training feature count for 25: 25
2026-02-24 19:27:48,163 - INFO - Isolation Forest trained for 25 features.
2026-02-24 19:27:48,190 - INFO - Training model for 55 features (samples=58742)
2026-02-24 19:27:48,264 - INFO - Refined training feature count for 55: 55
2026-02-24 19:27:49,010 - INFO - Isolation Forest trained for 55 features.
2026-02-24 19:27:49,011 - INFO - ================ TESTING PHASE ================
2026-02-24 19:27:49,013 - INFO - Processing test file: A-1.npy (features=25)
2026-02-24 19:27:49,134 - INFO - Processing test file: A-2.npy (features=25)
2026-02-24 19:27:49,253 - INFO - Processing test file: A-3.npy (features=25)
2026-02-24 19:27:49,364 - INFO - Processing test file: A-4.npy (features=25)
2026-02-24 19:27:49,472 - INFO - Processing test file: A-5.npy (features=25)
2026-02-24 19:27:49,537 - INFO - Processing test file: A-6.npy (features=25)
2026-02-24 19:27:49,597 - INFO - Processing test file: A-7.npy (features=25)
2026-02-24 19:27:49,733 - INFO - Processing test file: A-8.npy (features=25)
2026-02-24 19:27:49,850 - INFO - Processing test file: A-9.npy (features=25)
2026-02-24 19:27:49,964 - INFO - Processing test file: B-1.npy (features=25)
2026-02-24 19:27:50,072 - INFO - Processing test file: C-1.npy (features=55)
2026-02-24 19:27:50,133 - INFO - Processing test file: C-2.npy (features=55)
2026-02-24 19:27:50,199 - INFO - Processing test file: D-1.npy (features=25)
2026-02-24 19:27:50,338 - INFO - Processing test file: D-11.npy (features=25)
2026-02-24 19:27:50,438 - INFO - Processing test file: D-12.npy (features=25)
2026-02-24 19:27:50,528 - INFO - Processing test file: D-13.npy (features=25)
2026-02-24 19:27:50,628 - INFO - Processing test file: D-14.npy (features=55)
2026-02-24 19:27:50,688 - INFO - Processing test file: D-15.npy (features=55)
2026-02-24 19:27:50,747 - INFO - Processing test file: D-16.npy (features=55)
2026-02-24 19:27:50,806 - INFO - Processing test file: D-2.npy (features=25)
2026-02-24 19:27:50,930 - INFO - Processing test file: D-3.npy (features=25)
2026-02-24 19:27:51,042 - INFO - Processing test file: D-4.npy (features=25)
2026-02-24 19:27:51,168 - INFO - Processing test file: D-5.npy (features=25)
2026-02-24 19:27:51,273 - INFO - Processing test file: D-6.npy (features=25)
2026-02-24 19:27:51,393 - INFO - Processing test file: D-7.npy (features=25)
2026-02-24 19:27:51,502 - INFO - Processing test file: D-8.npy (features=25)
2026-02-24 19:27:51,626 - INFO - Processing test file: D-9.npy (features=25)
2026-02-24 19:27:51,724 - INFO - Processing test file: E-1.npy (features=25)
2026-02-24 19:27:51,835 - INFO - Processing test file: E-10.npy (features=25)
2026-02-24 19:27:51,955 - INFO - Processing test file: E-11.npy (features=25)
2026-02-24 19:27:52,079 - INFO - Processing test file: E-12.npy (features=25)
2026-02-24 19:27:52,208 - INFO - Processing test file: E-13.npy (features=25)
2026-02-24 19:27:52,332 - INFO - Processing test file: E-2.npy (features=25)
2026-02-24 19:27:52,463 - INFO - Processing test file: E-3.npy (features=25)
2026-02-24 19:27:52,580 - INFO - Processing test file: E-4.npy (features=25)
2026-02-24 19:27:52,694 - INFO - Processing test file: E-5.npy (features=25)
2026-02-24 19:27:52,803 - INFO - Processing test file: E-6.npy (features=25)
2026-02-24 19:27:52,926 - INFO - Processing test file: E-7.npy (features=25)
2026-02-24 19:27:53,037 - INFO - Processing test file: E-8.npy (features=25)
2026-02-24 19:27:53,150 - INFO - Processing test file: E-9.npy (features=25)
2026-02-24 19:27:53,290 - INFO - Processing test file: F-1.npy (features=25)
2026-02-24 19:27:53,404 - INFO - Processing test file: F-2.npy (features=25)
2026-02-24 19:27:53,509 - INFO - Processing test file: F-3.npy (features=25)
2026-02-24 19:27:53,605 - INFO - Processing test file: F-4.npy (features=55)
2026-02-24 19:27:53,668 - INFO - Processing test file: F-5.npy (features=55)
2026-02-24 19:27:53,747 - INFO - Processing test file: F-7.npy (features=55)
2026-02-24 19:27:53,828 - INFO - Processing test file: F-8.npy (features=55)
2026-02-24 19:27:53,878 - INFO - Processing test file: G-1.npy (features=25)
2026-02-24 19:27:53,988 - INFO - Processing test file: G-2.npy (features=25)
2026-02-24 19:27:54,068 - INFO - Processing test file: G-3.npy (features=25)
2026-02-24 19:27:54,161 - INFO - Processing test file: G-4.npy (features=25)
2026-02-24 19:27:54,271 - INFO - Processing test file: G-6.npy (features=25)
2026-02-24 19:27:54,363 - INFO - Processing test file: G-7.npy (features=25)
2026-02-24 19:27:54,455 - INFO - Processing test file: M-1.npy (features=55)
2026-02-24 19:27:54,524 - INFO - Processing test file: M-2.npy (features=55)
2026-02-24 19:27:54,577 - INFO - Processing test file: M-3.npy (features=55)
2026-02-24 19:27:54,638 - INFO - Processing test file: M-4.npy (features=55)
2026-02-24 19:27:54,692 - INFO - Processing test file: M-5.npy (features=55)
2026-02-24 19:27:54,741 - INFO - Processing test file: M-6.npy (features=55)
2026-02-24 19:27:54,793 - INFO - Processing test file: M-7.npy (features=55)
2026-02-24 19:27:54,838 - INFO - Processing test file: P-1.npy (features=25)
2026-02-24 19:27:54,977 - INFO - Processing test file: P-10.npy (features=55)
2026-02-24 19:27:55,109 - INFO - Processing test file: P-11.npy (features=55)
2026-02-24 19:27:55,196 - INFO - Processing test file: P-14.npy (features=55)
2026-02-24 19:27:55,333 - INFO - Processing test file: P-15.npy (features=55)
2026-02-24 19:27:55,419 - INFO - Processing test file: P-2.npy (features=25)
2026-02-24 19:27:55,555 - INFO - Processing test file: P-3.npy (features=25)
2026-02-24 19:27:55,695 - INFO - Processing test file: P-4.npy (features=25)
2026-02-24 19:27:55,803 - INFO - Processing test file: P-7.npy (features=25)
2026-02-24 19:27:55,926 - INFO - Processing test file: R-1.npy (features=25)
2026-02-24 19:27:56,038 - INFO - Processing test file: S-1.npy (features=25)
2026-02-24 19:27:56,165 - INFO - Processing test file: S-2.npy (features=55)
2026-02-24 19:27:56,225 - INFO - Processing test file: T-1.npy (features=25)
2026-02-24 19:27:56,355 - INFO - Processing test file: T-10.npy (features=55)
2026-02-24 19:27:56,399 - INFO - Processing test file: T-12.npy (features=55)
2026-02-24 19:27:56,467 - INFO - Processing test file: T-13.npy (features=55)
2026-02-24 19:27:56,537 - INFO - Processing test file: T-2.npy (features=25)
2026-02-24 19:27:56,668 - INFO - Processing test file: T-3.npy (features=25)
2026-02-24 19:27:56,789 - INFO - Processing test file: T-4.npy (features=55)
2026-02-24 19:27:56,855 - INFO - Processing test file: T-5.npy (features=55)
2026-02-24 19:27:56,904 - INFO - Processing test file: T-8.npy (features=55)
2026-02-24 19:27:56,943 - INFO - Processing test file: T-9.npy (features=55)
2026-02-24 19:27:56,985 - INFO - Final Mini Project 2 metrics saved to C:\Users\prodd\Desktop\Mini Project 2\outputs\metrics\evaluation_metrics_v2.csv
2026-02-24 19:27:56,985 - INFO - Generating professional charts for Mini Project 2...
2026-02-24 19:28:00,584 - INFO - Running Advanced Unsupervised Evaluation...
2026-02-24 19:28:16,097 - INFO - Health Mean: 96.69963266180977
2026-02-24 19:28:16,097 - INFO - Health Std Dev: 8.900090399734445
2026-02-24 19:28:16,098 - INFO - Health Min: 0.00011200975555958337
2026-02-24 19:28:16,098 - INFO - Health Max: 100.0
2026-02-24 19:28:16,264 - INFO - Using categorical units to plot a list of strings that are all parsable as floats or dates. If these strings should be plotted as numbers, cast to the appropriate data type before plotting.
2026-02-24 19:28:16,272 - INFO - Using categorical units to plot a list of strings that are all parsable as floats or dates. If these strings should be plotted as numbers, cast to the appropriate data type before plotting.
2026-02-24 19:28:16,436 - INFO - Mini Project 2 Analysis complete.
